CREATE EXTENSION pg_mustach;
SELECT 1, 'root object serialized via single dot, HTML-escaped', mustach('{"a":1,"b":2}', '{{.}}');
 ?column? |                      ?column?                       |               mustach                
----------+-----------------------------------------------------+--------------------------------------
        1 | root object serialized via single dot, HTML-escaped | {&quot;a&quot;: 1, &quot;b&quot;: 2}
(1 row)

SELECT 2, 'root object serialized via single dot, unescaped', mustach('{"a":1,"b":2}', '{{{.}}}');
 ?column? |                     ?column?                     |     mustach      
----------+--------------------------------------------------+------------------
        2 | root object serialized via single dot, unescaped | {"a": 1, "b": 2}
(1 row)

SELECT 3, 'root array serialized via single dot', mustach('[1,2,3]', '{{{.}}}');
 ?column? |               ?column?               |  mustach  
----------+--------------------------------------+-----------
        3 | root array serialized via single dot | [1, 2, 3]
(1 row)

SELECT 4, 'array element object serialized during iteration', mustach('{"list":[{"x":1},{"y":2}]}', '{{#list}}{{{.}}} {{/list}}');
 ?column? |                     ?column?                     |      mustach       
----------+--------------------------------------------------+--------------------
        4 | array element object serialized during iteration | {"x": 1} {"y": 2} 
(1 row)

DROP EXTENSION pg_mustach;
