CREATE EXTENSION pg_mustach;
SELECT 1, 'mustach', mustach('{
  "name": "Chris",
  "value": 10000,
  "taxed_value": 6000,
  "in_ca": true,
  "person": false,
  "repo": [
    { "name": "resque", "who": [ { "commiter": "joe" }, { "reviewer": "avrel" }, { "commiter": "william" } ] },
    { "name": "hub", "who": [ { "commiter": "jack" }, { "reviewer": "avrel" }, { "commiter": "greg" } ]  },
    { "name": "rip", "who": [ { "reviewer": "joe" }, { "reviewer": "jack" }, { "commiter": "greg" } ]  }
  ],
  "person?": { "name": "Jon" },
  "specia": "----{{extra}}----\n",
  "extra": 3.14159,
  "#sharp": "#",
  "!bang": "!",
  "/slash": "/",
  "^circ": "^",
  "=equal": "=",
  ":colon": ":",
  ">greater": ">",
  "~tilde": "~"
}', 'Hello {{name}}
You have just won {{value}} dollars!
{{#in_ca}}
Well, {{taxed_value}} dollars, after taxes.
{{/in_ca}}
Shown.
{{#person}}
  Never shown!
{{/person}}
{{^person}}
  No person
{{/person}}

{{#repo}}
  <b>{{name}}</b> reviewers:{{#who}} {{reviewer}}{{/who}} commiters:{{#who}} {{commiter}}{{/who}}
{{/repo}}

{{#person?}}
  Hi {{name}}!
{{/person?}}

{{=%(% %)%=}}
 =====================================
%(%! gros commentaire %)%
%(%#repo%)%
  <b>%(%name%)%</b> reviewers:%(%#who%)% %(%reviewer%)%%(%/who%)% commiters:%(%#who%)% %(%commiter%)%%(%/who%)%
%(%/repo%)%
 =====================================
%(%={{ }}=%)%
ggggggggg
{{> specia}}
jjjjjjjjj
end

{{:#sharp}}
{{:!bang}}
{{:~tilde}}
{{:/~0tilde}}
{{:/~1slash}} see json pointers IETF RFC 6901
{{:^circ}}
{{:\=equal}}
{{::colon}}
{{:>greater}}');
 ?column? | ?column? |                          mustach                           
----------+----------+------------------------------------------------------------
        1 | mustach  | Hello Chris                                               +
          |          | You have just won 10000 dollars!                          +
          |          | Well, 6000 dollars, after taxes.                          +
          |          | Shown.                                                    +
          |          |   No person                                               +
          |          |                                                           +
          |          |   <b>resque</b> reviewers:  avrel  commiters: joe  william+
          |          |   <b>hub</b> reviewers:  avrel  commiters: jack  greg     +
          |          |   <b>rip</b> reviewers: joe jack  commiters:   greg       +
          |          |                                                           +
          |          |   Hi Jon!                                                 +
          |          |                                                           +
          |          |  =====================================                    +
          |          |   <b>resque</b> reviewers:  avrel  commiters: joe  william+
          |          |   <b>hub</b> reviewers:  avrel  commiters: jack  greg     +
          |          |   <b>rip</b> reviewers: joe jack  commiters:   greg       +
          |          |  =====================================                    +
          |          | ggggggggg                                                 +
          |          | ----3.14159----                                           +
          |          | jjjjjjjjj                                                 +
          |          | end                                                       +
          |          |                                                           +
          |          | #                                                         +
          |          | !                                                         +
          |          | ~                                                         +
          |          | ~                                                         +
          |          | / see json pointers IETF RFC 6901                         +
          |          | ^                                                         +
          |          | =                                                         +
          |          | :                                                         +
          |          | &gt;
(1 row)

SELECT 2, 'mustach', mustach('{
  "header": "Colors",
  "items": [
      {"name": "red", "first": true, "url": "#Red"},
      {"name": "green", "link": true, "url": "#Green"},
      {"name": "blue", "link": true, "url": "#Blue"}
  ],
  "empty": false
}', '<h1>{{header}}</h1>
{{#bug}}
{{/bug}}

{{#items}}
  {{#first}}
    <li><strong>{{name}}</strong></li>
  {{/first}}
  {{#link}}
    <li><a href="{{url}}">{{name}}</a></li>
  {{/link}}
{{/items}}

{{#empty}}
  <p>The list is empty.</p>
{{/empty}}');
 ?column? | ?column? |                 mustach                 
----------+----------+-----------------------------------------
        2 | mustach  | <h1>Colors</h1>                        +
          |          |                                        +
          |          |     <li><strong>red</strong></li>      +
          |          |     <li><a href="#Green">green</a></li>+
          |          |     <li><a href="#Blue">blue</a></li>  +
          |          |                                        +
          |          | 
(1 row)

SELECT 3, 'mustach', mustach('{
  "name": "Chris",
  "company": "<b>GitHub & Co</b>",
  "names": ["Chris", "Kross"],
  "skills": ["JavaScript", "PHP", "Java"],
  "age": 18
}', '* {{name}}
* {{age}}
* {{company}}
* {{&company}}
* {{{company}}}
{{=<% %>=}}
* <%company%>
* <%&company%>
* <%{company}%>

<%={{ }}=%>
* <ul>{{#names}}<li>{{.}}</li>{{/names}}</ul>
* skills: <ul>{{#skills}}<li>{{.}}</li>{{/skills}}</ul>
{{#age}}* age: {{.}}{{/age}}');
 ?column? | ?column? |                             mustach                             
----------+----------+-----------------------------------------------------------------
        3 | mustach  | * Chris                                                        +
          |          | * 18                                                           +
          |          | * &lt;b&gt;GitHub &amp; Co&lt;/b&gt;                           +
          |          | * <b>GitHub & Co</b>                                           +
          |          | * <b>GitHub & Co</b>                                           +
          |          | * &lt;b&gt;GitHub &amp; Co&lt;/b&gt;                           +
          |          | * <b>GitHub & Co</b>                                           +
          |          | * <b>GitHub & Co</b>                                           +
          |          |                                                                +
          |          | * <ul><li>Chris</li><li>Kross</li></ul>                        +
          |          | * skills: <ul><li>JavaScript</li><li>PHP</li><li>Java</li></ul>+
          |          | * age: 18
(1 row)

DROP EXTENSION pg_mustach;
