\! rm -f /tmp/pg_mustach_test_prepare.txt /tmp/pg_mustach_test_prepare_positional_footgun.txt
CREATE EXTENSION pg_mustach;
SET pg_mustach.transaction = false;
SELECT mustach_template('{{a}}');
 mustach_template 
------------------
 
(1 row)

SELECT 1, 'render with no tplname uses the unnamed default slot', mustach_json('{"a":"unnamed"}');
 ?column? |                       ?column?                       | mustach_json 
----------+------------------------------------------------------+--------------
        1 | render with no tplname uses the unnamed default slot | unnamed
(1 row)

SELECT mustach_template('<ul>{{#people}}<li>{{firstName}} {{lastName}}</li>{{/people}}</ul>', 'people');
 mustach_template 
------------------
 
(1 row)

SELECT 2, 'named template renders one jsonb value', mustach_json('{"people":[{"firstName":"Yehuda","lastName":"Katz"}]}', tplname := 'people');
 ?column? |                ?column?                |         mustach_json          
----------+----------------------------------------+-------------------------------
        2 | named template renders one jsonb value | <ul><li>Yehuda Katz</li></ul>
(1 row)

SELECT 3, 'same named template, second jsonb value', mustach_json('{"people":[{"firstName":"Carl","lastName":"Lerche"},{"firstName":"Alan","lastName":"Johnson"}]}', tplname := 'people');
 ?column? |                ?column?                 |                    mustach_json                    
----------+-----------------------------------------+----------------------------------------------------
        3 | same named template, second jsonb value | <ul><li>Carl Lerche</li><li>Alan Johnson</li></ul>
(1 row)

SELECT mustach_template('{{b}}', 'people');
 mustach_template 
------------------
 
(1 row)

SELECT 4, 're-preparing an existing tplname replaces it rather than leaking the old one', mustach_json('{"a":"stale","b":"fresh"}', tplname := 'people');
 ?column? |                                   ?column?                                   | mustach_json 
----------+------------------------------------------------------------------------------+--------------
        4 | re-preparing an existing tplname replaces it rather than leaking the old one | fresh
(1 row)

SELECT 5, 'forget removes a known tplname', mustach_free('people');
 ?column? |            ?column?            | mustach_free 
----------+--------------------------------+--------------
        5 | forget removes a known tplname | t
(1 row)

SELECT 6, 'forget on an already-unknown tplname returns false', mustach_free('people');
 ?column? |                      ?column?                      | mustach_free 
----------+----------------------------------------------------+--------------
        6 | forget on an already-unknown tplname returns false | f
(1 row)

SELECT 7, 'render on a forgotten tplname errors', mustach_json('{}', tplname := 'people');
ERROR:  unknown prepared mustach template "people"
SELECT 8, 'render on a tplname that was never prepared errors', mustach_json('{}', tplname := 'doesnotexist');
ERROR:  unknown prepared mustach template "doesnotexist"
SELECT mustach_template('{{a}}', 'file_test');
 mustach_template 
------------------
 
(1 row)

SELECT 9, 'render can write the result to a server file instead of returning it', mustach_json_file('{"a":"b"}', '/tmp/pg_mustach_test_prepare.txt', 'file_test');
 ?column? |                               ?column?                               | mustach_json_file 
----------+----------------------------------------------------------------------+-------------------
        9 | render can write the result to a server file instead of returning it | t
(1 row)

\! printf '10|file content written by render|%s\n' "$(cat /tmp/pg_mustach_test_prepare.txt)"
10|file content written by render|b
CREATE ROLE mustach_json_test_nonpriv NOSUPERUSER;
SET ROLE mustach_json_test_nonpriv;
SELECT 11, 'non-superuser cannot write file via render', mustach_json_file('{"a":"b"}', '/tmp/pg_mustach_test_prepare_denied.txt', 'file_test');
ERROR:  permission denied to write server file
DETAIL:  Only superusers may write files with mustach_json_file.
RESET ROLE;
--
-- Writing to a file is mustach_json_file(), not a mustach_json() overload:
-- with (json, file text, tplname DEFAULT NULL) as a second mustach_json(),
-- overload resolution bound a bare positional 2nd argument (an unknown-type
-- literal, which prefers TEXT over NAME) to file, so mustach_json(json,
-- 'people') silently wrote a server file named "people" instead of
-- rendering that template. Now it can only ever be tplname, and a path
-- passed there is just an unknown template name -- nothing gets written.
--
SELECT 12, 'a bare positional 2nd argument is tplname', mustach_json('{"a":"b"}', 'file_test');
 ?column? |                 ?column?                  | mustach_json 
----------+-------------------------------------------+--------------
       12 | a bare positional 2nd argument is tplname | b
(1 row)

SELECT 13, 'a path as a bare positional 2nd argument is just an unknown tplname', mustach_json('{"a":"b"}', '/tmp/pg_mustach_test_prepare_positional_footgun.txt');
ERROR:  unknown prepared mustach template "/tmp/pg_mustach_test_prepare_positional_footgun.txt"
\! test -e /tmp/pg_mustach_test_prepare_positional_footgun.txt && echo '13|positional call wrote a file|yes' || echo '13|positional call wrote a file|no'
13|positional call wrote a file|no
SELECT 14, 'forget on the unnamed default slot returns true once', mustach_free();
 ?column? |                       ?column?                       | mustach_free 
----------+------------------------------------------------------+--------------
       14 | forget on the unnamed default slot returns true once | t
(1 row)

SELECT 15, 'forget on the already-empty unnamed default slot returns false', mustach_free();
 ?column? |                            ?column?                            | mustach_free 
----------+----------------------------------------------------------------+--------------
       15 | forget on the already-empty unnamed default slot returns false | f
(1 row)

SELECT 16, 'render with no tplname errors once the default slot is empty', mustach_json('{}');
ERROR:  no prepared mustach template
SELECT mustach_template('', 'empty');
 mustach_template 
------------------
 
(1 row)

SELECT 17, 'an empty template renders empty, not whatever follows its buffer', '[' || mustach_json('{}', 'empty') || ']';
 ?column? |                             ?column?                             | ?column? 
----------+------------------------------------------------------------------+----------
       17 | an empty template renders empty, not whatever follows its buffer | []
(1 row)

RESET pg_mustach.transaction;
DROP ROLE mustach_json_test_nonpriv;
DROP EXTENSION pg_mustach;
\! rm -f /tmp/pg_mustach_test_prepare.txt /tmp/pg_mustach_test_prepare_denied.txt /tmp/pg_mustach_test_prepare_positional_footgun.txt
