CREATE EXTENSION pg_mustach;
-- Two roles: an ordinary non-superuser, and a superuser -- pg_mustach's C
-- code (pg_mustach_privileged()) checks superuser() directly, nothing more
-- granular. Role names can't start with "pg_" (reserved), so use
-- mustach_test_*.
--
-- Both roles need LOGIN: the pg_mustach.whitelist tests below need to \c
-- into them directly, since ALTER ROLE ... SET only takes effect for a new
-- connection as that role, not retroactively via SET ROLE in an
-- already-open session.
CREATE ROLE mustach_test_none LOGIN;
CREATE ROLE mustach_test_full LOGIN SUPERUSER;
--
-- {{>name}} only falls back to reading "name" as a local file when "name"
-- isn't found in the json data -- confirm ordinary partial resolution (and
-- an undefined partial, which silently renders empty rather than erroring)
-- is unaffected by any of this, before the file-loading fallback below is
-- ever reached.
--
SELECT mustach('{"text": "from partial"}', E'"{{>text}}"');
    mustach     
----------------
 "from partial"
(1 row)

SELECT mustach('{}', E'"{{>nonexistent_partial_name}}"');
 mustach 
---------
 ""
(1 row)

--
-- Without superuser and without a pg_mustach.whitelist, the file-loading
-- fallback must be denied.
--
SET ROLE mustach_test_none;
SELECT mustach('{}', E'{{>/etc/hostname}}');
ERROR:  permission denied to access "/etc/hostname"
DETAIL:  whitelist does not permit this file or URL for the current role.
RESET ROLE;
--
-- pg_whitelist exempts http(s):// names from its local-file check (they're
-- URLs, meant for pg_whitelist_check_url()), but a partial name is only ever
-- a local path here, and a relative one resolving against the data
-- directory: with an "http:" directory there, "http://../../etc/hostname"
-- would read /etc/hostname unchecked. Such names must never be read as
-- files -- they resolve from the json data like any other name, or render
-- empty.
--
SELECT current_setting('data_directory') AS pg_mustach_test_pgdata \gset
\setenv PG_MUSTACH_TEST_PGDATA :pg_mustach_test_pgdata
\! mkdir "$PG_MUSTACH_TEST_PGDATA/http:" "$PG_MUSTACH_TEST_PGDATA/https:"
SET ROLE mustach_test_none;
SELECT mustach('{}', E'[{{>http://../../../../../../../../../../../../etc/hostname}}]');
 mustach 
---------
 []
(1 row)

SELECT mustach('{}', E'[{{>https://../../../../../../../../../../../../etc/hostname}}]');
 mustach 
---------
 []
(1 row)

SELECT mustach('{"http://x": "from data"}', E'[{{>http://x}}]');
   mustach   
-------------
 [from data]
(1 row)

RESET ROLE;
\! rmdir "$PG_MUSTACH_TEST_PGDATA/http:" "$PG_MUSTACH_TEST_PGDATA/https:"
SET ROLE mustach_test_none;
--
-- A denied file must not shadow a partial the json data provides. Relative
-- partial names resolve against the data directory, so "base" and "global"
-- always exist as files there -- the data must win anyway, in both lookup
-- orders, from within a section, and for a prepared template; only a name
-- the data lacks still raises the denial. A name containing "}}" (possible
-- under custom delimiters) must resolve from the data too.
--
SELECT mustach('{"base": "from data"}', E'[{{>base}}]');
   mustach   
-------------
 [from data]
(1 row)

SELECT mustach('{"x": {"base": "from section"}}', E'{{#x}}[{{>base}}]{{/x}}');
    mustach     
----------------
 [from section]
(1 row)

SELECT mustach('{"a": {"b": "from dotted"}}', E'[{{>a.b}}]');
    mustach    
---------------
 [from dotted]
(1 row)

SELECT mustach('{"a}}b": "from custom delimiters"}', E'{{=<% %>=}}[<%>a}}b%>]');
         mustach          
--------------------------
 [from custom delimiters]
(1 row)

SELECT mustach('{"base": "x"}', E'[{{>global}}]');
ERROR:  permission denied to access "global"
DETAIL:  whitelist does not permit this file or URL for the current role.
SELECT mustach_set_flags(mustach_with_allextensions() & ~mustach_with_partialdatafirst());
 mustach_set_flags 
-------------------
               511
(1 row)

SELECT mustach('{"base": "from data, file first"}', E'[{{>base}}]');
         mustach         
-------------------------
 [from data, file first]
(1 row)

SELECT mustach('{"x": {"base": "from section, file first"}}', E'{{#x}}[{{>base}}]{{/x}}');
          mustach           
----------------------------
 [from section, file first]
(1 row)

SELECT mustach('{"base": "x"}', E'[{{>global}}]');
ERROR:  permission denied to access "global"
DETAIL:  whitelist does not permit this file or URL for the current role.
RESET pg_mustach.flags;
BEGIN;
SELECT mustach_template(E'[{{>base}}]');
 mustach_template 
------------------
 
(1 row)

SELECT mustach_json('{"base": "from data, prepared"}');
     mustach_json      
-----------------------
 [from data, prepared]
(1 row)

COMMIT;
RESET ROLE;
--
-- pg_mustach.whitelist can grant mustach_test_none access despite it not
-- being a superuser -- an explicit entry becomes its sole authorization for
-- that specific file, rather than merely narrowing already-privileged
-- access the way it does for mustach_test_full further down. Needs \c, like
-- the mustach_test_full whitelist tests further down, since ALTER ROLE ...
-- SET doesn't apply retroactively via SET ROLE in this already-open
-- session.
--
SELECT current_user AS pg_mustach_test_orig_user \gset
ALTER ROLE mustach_test_none SET pg_mustach.whitelist = 'file:///etc/hostname';
\c - mustach_test_none
SELECT octet_length(mustach('{}', E'{{>/etc/hostname}}')) > 0 AS whitelist_grants_unprivileged_nonempty;
 whitelist_grants_unprivileged_nonempty 
----------------------------------------
 t
(1 row)

SELECT mustach('{}', E'{{>/etc/passwd}}');
ERROR:  permission denied to access "/etc/passwd"
DETAIL:  whitelist does not permit this file or URL for the current role.
--
-- pg_mustach.whitelist is registered PGC_SUSET, so only a superuser can set
-- it -- confirm that mustach_test_none, a genuine non-superuser, can't
-- loosen its own scope with a plain SET.
--
SELECT set_config('pg_mustach.whitelist', 'file:///etc/passwd', false);
ERROR:  permission denied to set parameter "pg_mustach.whitelist"
\c - :pg_mustach_test_orig_user
ALTER ROLE mustach_test_none RESET pg_mustach.whitelist;
--
-- pg_mustach.whitelist (see the pg_whitelist submodule) adds an optional
-- restriction on top of superuser status: even mustach_test_full, which is
-- a superuser, can be scoped down to specific file:// prefixes. ALTER
-- ROLE ... SET only takes effect for a *new* connection as that role
-- (role-level GUC defaults are applied once, in InitPostgres, at backend
-- startup) -- unlike the plain role-membership check above, SET ROLE within
-- this already-open session will NOT pick it up, so exercising it means
-- reconnecting via \c.
--
--
-- Without any pg_mustach.whitelist, being a superuser alone is enough.
--
SET ROLE mustach_test_full;
SELECT octet_length(mustach('{}', E'{{>/etc/hostname}}')) > 0 AS role_only_nonempty;
 role_only_nonempty 
--------------------
 t
(1 row)

RESET ROLE;
--
-- An exact file:// entry permits only that file.
--
ALTER ROLE mustach_test_full SET pg_mustach.whitelist = 'file:///etc/hostname';
\c - mustach_test_full
SELECT octet_length(mustach('{}', E'{{>/etc/hostname}}')) > 0 AS whitelist_exact_match_nonempty;
 whitelist_exact_match_nonempty 
--------------------------------
 t
(1 row)

SELECT mustach('{}', E'{{>/etc/passwd}}');
ERROR:  permission denied to access "/etc/passwd"
DETAIL:  whitelist does not permit this file or URL for the current role.
-- Same for a superuser the whitelist narrows: excluded files don't shadow
-- the json data.
SELECT mustach('{"base": "from data"}', E'[{{>base}}]');
   mustach   
-------------
 [from data]
(1 row)

SELECT mustach_set_flags(mustach_with_allextensions() & ~mustach_with_partialdatafirst());
 mustach_set_flags 
-------------------
               511
(1 row)

SELECT mustach('{"base": "from data, file first"}', E'[{{>base}}]');
         mustach         
-------------------------
 [from data, file first]
(1 row)

RESET pg_mustach.flags;
--
-- A file:// entry with a trailing slash permits anything under that
-- directory, but the resolved path is realpath()-canonicalized before
-- comparison, so ".." can't be used to climb back out of it even though the
-- raw string would otherwise start with the whitelisted prefix.
--
\c - :pg_mustach_test_orig_user
ALTER ROLE mustach_test_full SET pg_mustach.whitelist = 'file:///etc/ssl/';
\c - mustach_test_full
SELECT octet_length(mustach('{}', E'{{>/etc/ssl/openssl.cnf}}')) > 100 AS whitelist_directory_match_nonempty;
 whitelist_directory_match_nonempty 
------------------------------------
 t
(1 row)

SELECT mustach('{}', E'{{>/etc/hostname}}');
ERROR:  permission denied to access "/etc/hostname"
DETAIL:  whitelist does not permit this file or URL for the current role.
SELECT mustach('{}', E'{{>/etc/ssl/../passwd}}');
ERROR:  permission denied to access "/etc/ssl/../passwd"
DETAIL:  whitelist does not permit this file or URL for the current role.
\c - :pg_mustach_test_orig_user
ALTER ROLE mustach_test_full RESET pg_mustach.whitelist;
--
-- A whitelist denial must not leak: raised from inside mustach's partial
-- callback it would longjmp past mustach's cleanup, leaking the whole
-- malloc'd parsed template on every such call (~14kB each for this one).
-- The backend's own RSS, before and after 2000 denied renders, would grow
-- by ~28MB then; 5MB leaves plenty of room for noise. Linux-only (/proc),
-- like file.sql's fd check.
--
SET pg_mustach.whitelist = 'file:///nonexistent/';
CREATE FUNCTION pg_temp.deny_many(n int) RETURNS void LANGUAGE plpgsql AS $$
BEGIN
    FOR i IN 1..n LOOP
        BEGIN
            PERFORM mustach('{}', repeat('{{#a}}x{{/a}}', 500) || '{{>/etc/hostname}}');
        EXCEPTION WHEN insufficient_privilege THEN NULL;
        END;
    END LOOP;
END $$;
SELECT pg_temp.deny_many(100);
 deny_many 
-----------
 
(1 row)

SELECT pg_backend_pid() AS pid \gset
\setenv PID :pid
\set pg_mustach_test_rss_before `awk '/^VmRSS:/ {print $2}' /proc/$PID/status`
SELECT pg_temp.deny_many(2000);
 deny_many 
-----------
 
(1 row)

\set pg_mustach_test_rss_after `awk '/^VmRSS:/ {print $2}' /proc/$PID/status`
SELECT :pg_mustach_test_rss_after - :pg_mustach_test_rss_before < 5000 AS denied_renders_do_not_leak;
 denied_renders_do_not_leak 
----------------------------
 t
(1 row)

RESET pg_mustach.whitelist;
DROP ROLE mustach_test_none;
DROP ROLE mustach_test_full;
DROP EXTENSION pg_mustach;
